Log file: logs/pretrain/pretrain_20260314_204609.log
Using .venv
=== Pretrain run started at Sat Mar 14 20:46:09 CDT 2026 ===
=== Working directory: /scratch/nalint2/RSC-LSI-Convergance ===
=== Python ===
Python 3.9.21
=== PyTorch / GPU ===
PyTorch: 2.8.0+cu128
CUDA available: True
Device: NVIDIA A10

==============================================
Command: python3 scripts/pretrain.py --arch small_resnet_ln --num-blocks 2 --width 16 --n_train 512 --pretrain-steps 12000 --pretrain-lr 0.00125 --pretrain-weight-decay 0 --dataset-seed 42
==============================================
Traceback (most recent call last):
  File "/scratch/nalint2/RSC-LSI-Convergance/scripts/pretrain.py", line 178, in <module>
    main()
  File "/scratch/nalint2/RSC-LSI-Convergance/scripts/pretrain.py", line 116, in main
    loss.backward()
  File "/scratch/nalint2/RSC-LSI-Convergance/.venv/lib64/python3.9/site-packages/torch/_tensor.py", line 647, in backward
    torch.autograd.backward(
  File "/scratch/nalint2/RSC-LSI-Convergance/.venv/lib64/python3.9/site-packages/torch/autograd/__init__.py", line 354, in backward
    _engine_run_backward(
  File "/scratch/nalint2/RSC-LSI-Convergance/.venv/lib64/python3.9/site-packages/torch/autograd/graph.py", line 829, in _engine_run_backward
    return Variable._execution_engine.run_backward(  # Calls into the C++ engine to run the backward pass
torch.OutOfMemoryError: CUDA out of memory. Tried to allocate 2.00 GiB. GPU 0 has a total capacity of 22.06 GiB of which 1.39 GiB is free. Including non-PyTorch memory, this process has 20.66 GiB memory in use. Of the allocated memory 20.32 GiB is allocated by PyTorch, and 57.36 MiB is reserved by PyTorch but unallocated. If reserved but unallocated memory is large try setting PYTORCH_CUDA_ALLOC_CONF=expandable_segments:True to avoid fragmentation.  See documentation for Memory Management  (https://pytorch.org/docs/stable/notes/cuda.html#environment-variables)

=== Pretrain finished at Sat Mar 14 20:46:21 CDT 2026 ===
Exit code: 1
FAIL: pretrain.py exited with 1. Check logs/pretrain/pretrain_20260314_204609.log for errors.
